// Jest Snapshot v1, https://goo.gl/fbAQLP

exports[`DetailScreen renders DetailScreen correctly 1`] = `
<RNCSafeAreaProvider
  onInsetsChange={[Function]}
  style={
    Array [
      Object {
        "flex": 1,
      },
      undefined,
    ]
  }
>
  <RNSScreenStack
    style={
      Object {
        "flex": 1,
      }
    }
  >
    <RNSScreen
      collapsable={false}
      forwardedRef={[Function]}
      gestureResponseDistance={
        Object {
          "bottom": -1,
          "end": -1,
          "start": -1,
          "top": -1,
        }
      }
      onAppear={[Function]}
      onDisappear={[Function]}
      onDismissed={[Function]}
      onTransitionProgress={[Function]}
      onWillDisappear={[Function]}
      replaceAnimation="push"
      stackPresentation="push"
      style={
        Object {
          "bottom": 0,
          "left": 0,
          "position": "absolute",
          "right": 0,
          "top": 0,
        }
      }
      swipeDirection="horizontal"
    >
      <RNSScreenStackHeaderConfig
        backButtonInCustomView={false}
        backgroundColor="rgb(255, 255, 255)"
        color="rgb(0, 122, 255)"
        direction="ltr"
        disableBackButtonMenu={false}
        hidden={true}
        hideBackButton={false}
        largeTitleHideShadow={false}
        title="DETAIL"
        titleColor="rgb(28, 28, 30)"
        topInsetEnabled={false}
        translucent={false}
      />
      <View
        style={
          Array [
            Object {
              "flex": 1,
            },
            Object {
              "backgroundColor": "rgb(242, 242, 242)",
            },
            undefined,
          ]
        }
      >
        <View
          style={
            Array [
              Object {
                "alignItems": "center",
                "flexDirection": "row",
                "height": 83.375,
                "width": 750,
              },
              null,
              null,
            ]
          }
        >
          <View
            style={
              Object {
                "left": 15,
                "position": "absolute",
                "zIndex": 1,
              }
            }
          >
            <View
              accessible={true}
              collapsable={false}
              focusable={true}
              onClick={[Function]}
              onResponderGrant={[Function]}
              onResponderMove={[Function]}
              onResponderRelease={[Function]}
              onResponderTerminate={[Function]}
              onResponderTerminationRequest={[Function]}
              onStartShouldSetResponder={[Function]}
              style={
                Object {
                  "opacity": 1,
                }
              }
            >
              <Text
                allowFontScaling={false}
                selectable={false}
                style={
                  Array [
                    Object {
                      "color": "#1D1F20",
                      "fontSize": 16,
                    },
                    undefined,
                    Object {
                      "fontFamily": "FontAwesome5Free-Solid",
                      "fontStyle": "normal",
                      "fontWeight": "normal",
                    },
                    Object {
                      "fontWeight": "900",
                    },
                  ]
                }
              >
                ÔÅ†
              </Text>
            </View>
          </View>
          <View
            style={
              Object {
                "alignItems": "center",
                "bottom": 0,
                "justifyContent": "center",
                "left": 0,
                "position": "absolute",
                "right": 0,
                "top": 0,
              }
            }
          >
            <Text
              style={
                Array [
                  Object {
                    "fontFamily": undefined,
                    "fontSize": 26.5,
                    "fontWeight": "bold",
                  },
                  Object {
                    "color": "#1D1F20",
                  },
                ]
              }
            >
              CHARACTER DETAIL
            </Text>
          </View>
        </View>
        <View
          accessible={true}
          collapsable={false}
          focusable={true}
          onBlur={[Function]}
          onClick={[Function]}
          onFocus={[Function]}
          onResponderGrant={[Function]}
          onResponderMove={[Function]}
          onResponderRelease={[Function]}
          onResponderTerminate={[Function]}
          onResponderTerminationRequest={[Function]}
          onStartShouldSetResponder={[Function]}
          style={
            Array [
              Object {
                "backgroundColor": "#FFF",
                "flex": 1,
                "flexDirection": "row",
                "margin": 1.5,
                "marginVertical": 8,
                "padding": 11.5,
                "shadowColor": "grey",
                "shadowOffset": Object {
                  "height": 3.5,
                  "width": 8,
                },
                "shadowOpacity": 1,
                "zIndex": 999,
              },
              Object {
                "alignItems": "center",
                "flexDirection": "row",
              },
            ]
          }
        >
          <View
            style={
              Object {
                "flex": 1,
              }
            }
          >
            <View
              style={
                Array [
                  Object {
                    "alignItems": "center",
                    "flex": 1,
                    "flexDirection": "row",
                    "flexWrap": "wrap",
                  },
                  undefined,
                ]
              }
            >
              <Text
                style={
                  Array [
                    Object {
                      "fontFamily": undefined,
                      "fontSize": 26.5,
                      "fontWeight": "bold",
                    },
                    Object {
                      "alignSelf": "center",
                      "backgroundColor": "#C3C9CE",
                      "color": "#1D1F20",
                      "marginBottom": 1.5,
                      "marginRight": 8,
                      "minWidth": 107,
                      "padding": 3.5,
                    },
                  ]
                }
              >
                Name
              </Text>
              <Text
                style={
                  Array [
                    Object {
                      "fontFamily": undefined,
                      "fontSize": 26.5,
                      "fontWeight": undefined,
                    },
                    Object {
                      "color": "#1D1F20",
                      "flexWrap": "wrap",
                      "maxWidth": 246.5,
                    },
                  ]
                }
                testID="itemName"
              >
                Mark
              </Text>
            </View>
            <View
              style={
                Array [
                  Object {
                    "alignItems": "center",
                    "flex": 1,
                    "flexDirection": "row",
                    "flexWrap": "wrap",
                  },
                  undefined,
                ]
              }
            >
              <Text
                style={
                  Array [
                    Object {
                      "fontFamily": undefined,
                      "fontSize": 26.5,
                      "fontWeight": "bold",
                    },
                    Object {
                      "alignSelf": "center",
                      "backgroundColor": "#C3C9CE",
                      "color": "#1D1F20",
                      "marginBottom": 1.5,
                      "marginRight": 8,
                      "minWidth": 107,
                      "padding": 3.5,
                    },
                  ]
                }
              >
                Status
              </Text>
              <Text
                style={
                  Array [
                    Object {
                      "fontFamily": undefined,
                      "fontSize": 26.5,
                      "fontWeight": undefined,
                    },
                    Object {
                      "color": "#1D1F20",
                      "flexWrap": "wrap",
                      "maxWidth": 246.5,
                    },
                  ]
                }
              >
                Alive
              </Text>
            </View>
            <View
              style={
                Array [
                  Object {
                    "alignItems": "center",
                    "flex": 1,
                    "flexDirection": "row",
                    "flexWrap": "wrap",
                  },
                  undefined,
                ]
              }
            >
              <Text
                style={
                  Array [
                    Object {
                      "fontFamily": undefined,
                      "fontSize": 26.5,
                      "fontWeight": "bold",
                    },
                    Object {
                      "alignSelf": "center",
                      "backgroundColor": "#C3C9CE",
                      "color": "#1D1F20",
                      "marginBottom": 1.5,
                      "marginRight": 8,
                      "minWidth": 107,
                      "padding": 3.5,
                    },
                  ]
                }
              >
                Species
              </Text>
              <Text
                style={
                  Array [
                    Object {
                      "fontFamily": undefined,
                      "fontSize": 26.5,
                      "fontWeight": undefined,
                    },
                    Object {
                      "color": "#1D1F20",
                      "flexWrap": "wrap",
                      "maxWidth": 246.5,
                    },
                  ]
                }
              >
                human
              </Text>
            </View>
            <View
              style={
                Array [
                  Object {
                    "alignItems": "center",
                    "flex": 1,
                    "flexDirection": "row",
                    "flexWrap": "wrap",
                  },
                  undefined,
                ]
              }
            >
              <Text
                style={
                  Array [
                    Object {
                      "fontFamily": undefined,
                      "fontSize": 26.5,
                      "fontWeight": "bold",
                    },
                    Object {
                      "alignSelf": "center",
                      "backgroundColor": "#C3C9CE",
                      "color": "#1D1F20",
                      "marginBottom": 1.5,
                      "marginRight": 8,
                      "minWidth": 107,
                      "padding": 3.5,
                    },
                  ]
                }
              >
                Gender
              </Text>
              <Text
                style={
                  Array [
                    Object {
                      "fontFamily": undefined,
                      "fontSize": 26.5,
                      "fontWeight": undefined,
                    },
                    Object {
                      "color": "#1D1F20",
                      "flexWrap": "wrap",
                      "maxWidth": 246.5,
                    },
                  ]
                }
              >
                Male
              </Text>
            </View>
            <View
              style={
                Array [
                  Object {
                    "alignItems": "center",
                    "flex": 1,
                    "flexDirection": "row",
                    "flexWrap": "wrap",
                  },
                  undefined,
                ]
              }
            >
              <Text
                style={
                  Array [
                    Object {
                      "fontFamily": undefined,
                      "fontSize": 26.5,
                      "fontWeight": "bold",
                    },
                    Object {
                      "alignSelf": "center",
                      "backgroundColor": "#C3C9CE",
                      "color": "#1D1F20",
                      "marginBottom": 1.5,
                      "marginRight": 8,
                      "minWidth": 107,
                      "padding": 3.5,
                    },
                  ]
                }
              >
                Origin
              </Text>
              <Text
                style={
                  Array [
                    Object {
                      "fontFamily": undefined,
                      "fontSize": 26.5,
                      "fontWeight": undefined,
                    },
                    Object {
                      "color": "#1D1F20",
                      "flexWrap": "wrap",
                      "maxWidth": 246.5,
                    },
                  ]
                }
              >
                Earth
              </Text>
            </View>
            <View
              style={
                Array [
                  Object {
                    "alignItems": "center",
                    "flex": 1,
                    "flexDirection": "row",
                    "flexWrap": "wrap",
                  },
                  undefined,
                ]
              }
            >
              <Text
                style={
                  Array [
                    Object {
                      "fontFamily": undefined,
                      "fontSize": 26.5,
                      "fontWeight": "bold",
                    },
                    Object {
                      "alignSelf": "center",
                      "backgroundColor": "#C3C9CE",
                      "color": "#1D1F20",
                      "marginBottom": 1.5,
                      "marginRight": 8,
                      "minWidth": 107,
                      "padding": 3.5,
                    },
                  ]
                }
              >
                First Episode
              </Text>
              <Text
                style={
                  Array [
                    Object {
                      "fontFamily": undefined,
                      "fontSize": 26.5,
                      "fontWeight": undefined,
                    },
                    Object {
                      "color": "#1D1F20",
                      "flexWrap": "wrap",
                      "maxWidth": 246.5,
                    },
                  ]
                }
              >
                Pilot
              </Text>
            </View>
            <View
              style={
                Array [
                  Object {
                    "alignItems": "center",
                    "flex": 1,
                    "flexDirection": "row",
                    "flexWrap": "wrap",
                  },
                  undefined,
                ]
              }
            >
              <Text
                style={
                  Array [
                    Object {
                      "fontFamily": undefined,
                      "fontSize": 26.5,
                      "fontWeight": "bold",
                    },
                    Object {
                      "alignSelf": "center",
                      "backgroundColor": "#C3C9CE",
                      "color": "#1D1F20",
                      "marginBottom": 1.5,
                      "marginRight": 8,
                      "minWidth": 107,
                      "padding": 3.5,
                    },
                  ]
                }
              >
                Last Episode
              </Text>
              <Text
                style={
                  Array [
                    Object {
                      "fontFamily": undefined,
                      "fontSize": 26.5,
                      "fontWeight": undefined,
                    },
                    Object {
                      "color": "#1D1F20",
                      "flexWrap": "wrap",
                      "maxWidth": 246.5,
                    },
                  ]
                }
              >
                Pilot
              </Text>
            </View>
            <View
              style={
                Array [
                  Object {
                    "alignItems": "center",
                    "flex": 1,
                    "flexDirection": "row",
                    "flexWrap": "wrap",
                  },
                  undefined,
                ]
              }
            >
              <Text
                style={
                  Array [
                    Object {
                      "fontFamily": undefined,
                      "fontSize": 26.5,
                      "fontWeight": "bold",
                    },
                    Object {
                      "alignSelf": "center",
                      "backgroundColor": "#C3C9CE",
                      "color": "#1D1F20",
                      "marginBottom": 1.5,
                      "marginRight": 8,
                      "minWidth": 107,
                      "padding": 3.5,
                    },
                  ]
                }
              >
                Number of Episodes
              </Text>
              <Text
                style={
                  Array [
                    Object {
                      "fontFamily": undefined,
                      "fontSize": 26.5,
                      "fontWeight": undefined,
                    },
                    Object {
                      "color": "#1D1F20",
                      "flexWrap": "wrap",
                      "maxWidth": 246.5,
                    },
                  ]
                }
              >
                1
              </Text>
            </View>
          </View>
          <View
            style={
              Array [
                Object {
                  "overflow": "hidden",
                },
                Array [
                  Object {
                    "borderRadius": 82,
                    "height": 164.5,
                    "marginVertical": 24.5,
                    "width": 164.5,
                  },
                  Object {
                    "borderRadius": 246.5,
                    "height": 328.5,
                    "width": 328.5,
                  },
                ],
              ]
            }
          >
            <FastImageView
              resizeMode="cover"
              source={
                Object {
                  "uri": undefined,
                }
              }
              style={
                Object {
                  "bottom": 0,
                  "left": 0,
                  "position": "absolute",
                  "right": 0,
                  "top": 0,
                }
              }
            />
          </View>
        </View>
      </View>
    </RNSScreen>
  </RNSScreenStack>
</RNCSafeAreaProvider>
`;
